
   FAIL  Tests\Feature\Admin\Invoices\InvoiceControllerTest
  Ô¿» admin can view invoice list
  ÔöÇÔöÇÔöÇÔöÇÔöÇÔöÇÔöÇÔöÇÔöÇÔöÇÔöÇÔöÇÔöÇÔöÇÔöÇÔöÇÔöÇÔöÇÔöÇÔöÇÔöÇÔöÇÔöÇÔöÇÔöÇÔöÇÔöÇÔöÇÔöÇÔöÇÔöÇÔöÇ  
   FAILED  Tests\Feature\Admin\Invoices\InvoiceControllerTest > admin can view invoice list  QueryException   
  SQLSTATE[HY000]: General error: 1 table users has no column named current_company_id (Connection: sqlite, SQL: insert into "users" ("name", "email", "email_verified_at", "password", "remember_token", "theme", "theme_settings", "current_company_id", "updated_at", "created_at") values (Monserrate Thompson, yferry@example.net, 2025-12-09 17:56:10, $2y$04$QYX.7RhyK9wydnGA3/XIa.iINSuwNwau4dwRbGxf87ZvvKOm2OTHy, Hb7kt1AEJ8, system, ?, 01kc2439znd7rx494yjw8649n4, 2025-12-09 17:56:10, 2025-12-09 17:56:10))

  at vendor\laravel\framework\src\Illuminate\Database\Connection.php:564
    560Ôûò             if ($this->pretending()) {
    561Ôûò                 return true;
    562Ôûò             }
    563Ôûò 
  Ô×£ 564Ôûò             $statement = $this->getPdo()->prepare($query);
    565Ôûò 
    566Ôûò             $this->bindValues($statement, $this->prepareBindings($bindings));
    567Ôûò 
    568Ôûò             $this->recordsHaveBeenModified();

  1   vendor\laravel\framework\src\Illuminate\Database\Connection.php:564
  2   vendor\laravel\framework\src\Illuminate\Database\Connection.php:811
  3   vendor\laravel\framework\src\Illuminate\Database\Connection.php:778
  4   vendor\laravel\framework\src\Illuminate\Database\Connection.php:559
  5   vendor\laravel\framework\src\Illuminate\Database\Connection.php:523
  6   vendor\laravel\framework\src\Illuminate\Database\Query\Processors\Processor.php:32
  7   vendor\laravel\framework\src\Illuminate\Database\Query\Builder.php:3853
  8   vendor\laravel\framework\src\Illuminate\Database\Eloquent\Builder.php:2235
  9   vendor\laravel\framework\src\Illuminate\Database\Eloquent\Model.php:1436
  10  vendor\laravel\framework\src\Illuminate\Database\Eloquent\Model.php:1401
  11  vendor\laravel\framework\src\Illuminate\Database\Eloquent\Model.php:1240
  12  vendor\laravel\framework\src\Illuminate\Database\Eloquent\Factories\Factory.php:370
  13  vendor\laravel\framework\src\Illuminate\Collections\Traits\EnumeratesValues.php:271
  14  vendor\laravel\framework\src\Illuminate\Database\Eloquent\Factories\Factory.php:365
  15  vendor\laravel\framework\src\Illuminate\Database\Eloquent\Factories\Factory.php:321
  16  vendor\laravel\framework\src\Illuminate\Database\Eloquent\Factories\Factory.php:315
  17  tests\Feature\Admin\Invoices\InvoiceControllerTest.php:23


  Tests:    1 failed (0 assertions)
  Duration: 0.80s

